ok https://aspnetboilerplate.com/Pages/Documents/Abp-Session
ok https://aspnetboilerplate.com/Pages/Documents/Application-Services
ok https://aspnetboilerplate.com/Pages/Documents/Articles-Tutorials
ok https://aspnetboilerplate.com/Pages/Documents/AspNet-Core
ok https://aspnetboilerplate.com/Pages/Documents/Audit-Logging
error https://aspnetboilerplate.com/Pages/Documents/Authorization: HTTP Error 408: Request Timeout
ok https://aspnetboilerplate.com/Pages/Documents/BLOB-Storing
ok https://aspnetboilerplate.com/Pages/Documents/Blob-Storing-Azure
ok https://aspnetboilerplate.com/Pages/Documents/Caching
ok https://aspnetboilerplate.com/Pages/Documents/Change-Logs
ok https://aspnetboilerplate.com/Pages/Documents/Dapper-Integration
ok https://aspnetboilerplate.com/Pages/Documents/Data-Filters
error https://aspnetboilerplate.com/Pages/Documents/Data-Transfer-Objects: HTTP Error 408: Request Timeout
ok https://aspnetboilerplate.com/Pages/Documents/Debugging
ok https://aspnetboilerplate.com/Pages/Documents/Dependency-Injection
ok https://aspnetboilerplate.com/Pages/Documents/Domain-Services
ok https://aspnetboilerplate.com/Pages/Documents/Dynamic-Parameter-System
ok https://aspnetboilerplate.com/Pages/Documents/Dynamic-Web-API
ok https://aspnetboilerplate.com/Pages/Documents/EF-Core-MySql-Integration
ok https://aspnetboilerplate.com/Pages/Documents/EF-Core-Oracle-Integration
ok https://aspnetboilerplate.com/Pages/Documents/EF-Core-Sqlite-Integration
ok https://aspnetboilerplate.com/Pages/Documents/EF-MySql-Integration
ok https://aspnetboilerplate.com/Pages/Documents/Email-Sending
ok https://aspnetboilerplate.com/Pages/Documents/Embedded-Resource-Files
ok https://aspnetboilerplate.com/Pages/Documents/Entities
ok https://aspnetboilerplate.com/Pages/Documents/Entity-Framework-Core
ok https://aspnetboilerplate.com/Pages/Documents/Entity-History
ok https://aspnetboilerplate.com/Pages/Documents/EntityFramework-Integration
ok https://aspnetboilerplate.com/Pages/Documents/EventBus-Domain-Events
ok https://aspnetboilerplate.com/Pages/Documents/Feature-Management
ok https://aspnetboilerplate.com/Pages/Documents/Handling-Exceptions
error https://aspnetboilerplate.com/Pages/Documents/Hangfire-Integration: HTTP Error 408: Request Timeout
ok https://aspnetboilerplate.com/Pages/Documents/Localization
ok https://aspnetboilerplate.com/Pages/Documents/Logging
ok https://aspnetboilerplate.com/Pages/Documents/MVC-Controllers
ok https://aspnetboilerplate.com/Pages/Documents/MVC-Views
ok https://aspnetboilerplate.com/Pages/Documents/Module-System
ok https://aspnetboilerplate.com/Pages/Documents/Multi-Lingual-Entities
ok https://aspnetboilerplate.com/Pages/Documents/Multi-Tenancy
ok https://aspnetboilerplate.com/Pages/Documents/NHibernate-Integration
ok https://aspnetboilerplate.com/Pages/Documents/NLayer-Architecture
ok https://aspnetboilerplate.com/Pages/Documents/Navigation
ok https://aspnetboilerplate.com/Pages/Documents/Nightly-Builds
ok https://aspnetboilerplate.com/Pages/Documents/Notification-System
error https://aspnetboilerplate.com/Pages/Documents/OWIN: HTTP Error 408: Request Timeout
ok https://aspnetboilerplate.com/Pages/Documents/Object-To-Object-Mapping
error https://aspnetboilerplate.com/Pages/Documents/ObjectComparators: HTTP Error 408: Request Timeout
ok https://aspnetboilerplate.com/Pages/Documents/PerRequestRedisCache
ok https://aspnetboilerplate.com/Pages/Documents/Quartz-Integration
ok https://aspnetboilerplate.com/Pages/Documents/Repositories
ok https://aspnetboilerplate.com/Pages/Documents/Setting-Management
ok https://aspnetboilerplate.com/Pages/Documents/SignalR-AspNetCore-Integration
ok https://aspnetboilerplate.com/Pages/Documents/SignalR-Integration
ok https://aspnetboilerplate.com/Pages/Documents/Specifications
ok https://aspnetboilerplate.com/Pages/Documents/Startup-Configuration
ok https://aspnetboilerplate.com/Pages/Documents/Swagger-UI-Integration
ok https://aspnetboilerplate.com/Pages/Documents/Timing
ok https://aspnetboilerplate.com/Pages/Documents/UI-Alerts
ok https://aspnetboilerplate.com/Pages/Documents/Unit-Of-Work
ok https://aspnetboilerplate.com/Pages/Documents/Validating-Data-Transfer-Objects
ok https://aspnetboilerplate.com/Pages/Documents/Value-Objects
ok https://aspnetboilerplate.com/Pages/Documents/Web-API-Controllers
ok https://aspnetboilerplate.com/Pages/Documents/Webhook-System
ok https://aspnetboilerplate.com/Pages/Documents/XSRF-CSRF-Protection
ok https://aspnetboilerplate.com/Pages/Documents/Zero/Edition-Management
ok https://aspnetboilerplate.com/Pages/Documents/Zero/Identity-Server-vNext
ok https://aspnetboilerplate.com/Pages/Documents/Zero/Language-Management
ok https://aspnetboilerplate.com/Pages/Documents/Zero/OpenIddict
ok https://aspnetboilerplate.com/Pages/Documents/Zero/Organization-Units
ok https://aspnetboilerplate.com/Pages/Documents/Zero/Overall
ok https://aspnetboilerplate.com/Pages/Documents/Zero/Permission-Management
ok https://aspnetboilerplate.com/Pages/Documents/Zero/Role-Management
ok https://aspnetboilerplate.com/Pages/Documents/Zero/Startup-Template
ok https://aspnetboilerplate.com/Pages/Documents/Zero/Startup-Template-Angular
ok https://aspnetboilerplate.com/Pages/Documents/Zero/Startup-Template-Core
ok https://aspnetboilerplate.com/Pages/Documents/Zero/Tenant-Management
ok https://aspnetboilerplate.com/Pages/Documents/Zero/User-Management